components/dashboard/accounts-team/InvoicesPage.tsx(49,17): error TS2322: Type '(newInvoice: Omit<Invoice, "id">) => void' is not assignable to type '(newInvoice: Omit<Invoice, "id">) => Promise<void>'.
  Type 'void' is not assignable to type 'Promise<void>'.
components/dashboard/AccountsTeamDashboard.tsx(231,26): error TS2322: Type '{ title: string; }' is not assignable to type 'IntrinsicAttributes'.
  Property 'title' does not exist on type 'IntrinsicAttributes'.
components/dashboard/execution-team/ExecutionProjectDetail.tsx(77,9): error TS2322: Type '"Ordered"' is not assignable to type 'MaterialRequestStatus'.
components/dashboard/execution-team/MaterialTracker.tsx(43,13): error TS2322: Type '"Requested"' is not assignable to type 'MaterialRequestStatus'.
components/dashboard/execution-team/MaterialTracker.tsx(58,18): error TS2678: Type '"Requested"' is not comparable to type 'MaterialRequestStatus'.
components/dashboard/execution-team/MaterialTracker.tsx(59,18): error TS2678: Type '"Approved"' is not comparable to type 'MaterialRequestStatus'.
components/dashboard/execution-team/MaterialTracker.tsx(60,18): error TS2678: Type '"Ordered"' is not comparable to type 'MaterialRequestStatus'.
components/dashboard/execution-team/MaterialTracker.tsx(62,18): error TS2678: Type '"Rejected"' is not comparable to type 'MaterialRequestStatus'.
components/dashboard/QuotationTeamDashboard.tsx(275,13): error TS2322: Type '{ items: Item[]; setCurrentPage: (page: string) => void; onAddItem: () => void; }' is not assignable to type 'IntrinsicAttributes & ItemsCatalogPageProps'.
  Property 'items' does not exist on type 'IntrinsicAttributes & ItemsCatalogPageProps'.
components/dashboard/sales-manager/ClientProjectsPage.tsx(228,58): error TS2339: Property 'unreadMessages' does not exist on type 'ClientProject'.
components/dashboard/sales-manager/ClientProjectsPage.tsx(231,126): error TS2339: Property 'unreadMessages' does not exist on type 'ClientProject'.
components/dashboard/sales-manager/ClientProjectsPage.tsx(234,58): error TS2339: Property 'openIssues' does not exist on type 'ClientProject'.
components/dashboard/sales-manager/ClientProjectsPage.tsx(237,115): error TS2339: Property 'openIssues' does not exist on type 'ClientProject'.
components/dashboard/sales-manager/ClientProjectsPage.tsx(270,111): error TS2339: Property 'budget' does not exist on type 'ClientProject'.
components/dashboard/sales-manager/ClientProjectsPage.tsx(299,91): error TS2345: Argument of type 'import("C:/Users/pc/OneDrive/Documents/MMO-Team/hooks/useClientProjects").ClientProject' is not assignable to parameter of type 'ClientProject'.
  Type 'ClientProject' is missing the following properties from type 'ClientProject': unreadMessages, openIssues, budget
components/dashboard/sales-manager/ClientProjectsPage.tsx(307,82): error TS2345: Argument of type 'import("C:/Users/pc/OneDrive/Documents/MMO-Team/hooks/useClientProjects").ClientProject' is not assignable to parameter of type 'ClientProject'.
  Type 'ClientProject' is missing the following properties from type 'ClientProject': unreadMessages, openIssues, budget
components/dashboard/sales-manager/SalesGeneralManagerDashboard.tsx(178,17): error TS2741: Property 'users' is missing in type '{ setCurrentPage: (page: string) => void; leads: Lead[]; }' but required in type '{ setCurrentPage: (page: string) => void; leads: Lead[]; users: User[]; }'.
components/dashboard/sales-manager/SalesGeneralManagerDashboard.tsx(180,17): error TS2741: Property 'users' is missing in type '{ leads: Lead[]; }' but required in type 'LeadManagementPageProps'.
components/dashboard/sales-manager/SalesGeneralManagerDashboard.tsx(184,17): error TS2741: Property 'users' is missing in type '{ leads: Lead[]; }' but required in type '{ leads: Lead[]; users: User[]; }'.
components/dashboard/sales-manager/SalesGeneralManagerDashboard.tsx(188,17): error TS2741: Property 'users' is missing in type '{}' but required in type '{ users: User[]; }'.
components/dashboard/sales-manager/SalesGeneralManagerDashboard.tsx(194,17): error TS2741: Property 'users' is missing in type '{ setCurrentPage: (page: string) => void; leads: Lead[]; }' but required in type '{ setCurrentPage: (page: string) => void; leads: Lead[]; users: User[]; }'.
components/dashboard/sales-manager/SalesGeneralManagerDashboard.tsx(241,8): error TS2741: Property 'users' is missing in type '{ isOpen: boolean; onClose: () => void; onAddLead: (newLeadData: Omit<Lead, "id" | "status" | "lastContacted" | "inquiryDate" | "history">, reminder?: { date: string; notes: string; }) => Promise<...>; }' but required in type 'AddNewLeadModalProps'.
components/dashboard/sales-manager/SalesGeneralManagerDashboard.tsx(246,8): error TS2741: Property 'users' is missing in type '{ isOpen: boolean; onClose: () => void; leads: Lead[]; onAssignLead: (leadId: string, newOwnerId: string) => Promise<void>; }' but required in type 'AssignLeadModalProps'.
components/dashboard/sales-team/AccountsTasksPage.tsx(61,17): error TS2322: Type '{ children: Element; title: string; subtitle: string; icon: ForwardRefExoticComponent<Omit<SVGProps<SVGSVGElement>, "ref"> & { title?: string; titleId?: string; } & RefAttributes<SVGSVGElement>>; }' is not assignable to type 'IntrinsicAttributes & CardProps'.
  Property 'title' does not exist on type 'IntrinsicAttributes & CardProps'.
components/dashboard/sales-team/ExecutionTasksPage.tsx(61,17): error TS2322: Type '{ children: Element; title: string; subtitle: string; icon: ForwardRefExoticComponent<Omit<SVGProps<SVGSVGElement>, "ref"> & { title?: string; titleId?: string; } & RefAttributes<SVGSVGElement>>; }' is not assignable to type 'IntrinsicAttributes & CardProps'.
  Property 'title' does not exist on type 'IntrinsicAttributes & CardProps'.
components/dashboard/sales-team/LeadCard.tsx(12,7): error TS2739: Type '{ "New - Not Contacted": { color: string; progress: number; nextAction: string; }; "Contacted - Call Done": { color: string; progress: number; nextAction: string; }; "Site Visit Scheduled": { color: string; progress: number; nextAction: string; }; ... 6 more ...; Lost: { ...; }; }' is missing the following properties from type 'Record<LeadPipelineStatus, { color: string; progress: number; nextAction: string; }>': "Site Visit Rescheduled", "Drawing In Progress", "Drawing Revisions", "Waiting for Quotation"
components/dashboard/sales-team/MyRequestsPage.tsx(90,25): error TS2322: Type '{ hidden: { opacity: number; y: number; }; visible: { opacity: number; y: number; transition: { duration: number; ease: string; }; }; }' is not assignable to type 'Variants'.
  Property 'visible' is incompatible with index signature.
    Type '{ opacity: number; y: number; transition: { duration: number; ease: string; }; }' is not assignable to type 'Variant'.
      Type '{ opacity: number; y: number; transition: { duration: number; ease: string; }; }' is not assignable to type 'TargetAndTransition'.
        Type '{ opacity: number; y: number; transition: { duration: number; ease: string; }; }' is not assignable to type '{ transition?: Transition<any>; transitionEnd?: ResolvedValues$1; }'.
          Types of property 'transition' are incompatible.
            Type '{ duration: number; ease: string; }' is not assignable to type 'Transition<any>'.
              Type '{ duration: number; ease: string; }' is not assignable to type 'TransitionWithValueOverrides<any>'.
                Type '{ duration: number; ease: string; }' is not assignable to type 'ValueAnimationTransition<any>'.
                  Types of property 'ease' are incompatible.
                    Type 'string' is not assignable to type 'Easing | Easing[]'.
components/dashboard/sales-team/SiteVisitsPage.tsx(108,13): error TS2322: Type '{ isOpen: boolean; onClose: () => void; leads: Lead[]; requesterId: string; onSchedule: (visitData: Omit<SiteVisit, "id" | "status">) => void; }' is not assignable to type 'IntrinsicAttributes & AssignVisitModalProps'.
  Property 'onSchedule' does not exist on type 'IntrinsicAttributes & AssignVisitModalProps'.
components/dashboard/sales-team/SiteVisitTasksPage.tsx(158,17): error TS2322: Type '{ isOpen: boolean; onClose: () => void; leads: Lead[]; requesterId: string; onSchedule: (visitData: Omit<SiteVisit, "id" | "status">) => void; }' is not assignable to type 'IntrinsicAttributes & AssignVisitModalProps'.
  Property 'onSchedule' does not exist on type 'IntrinsicAttributes & AssignVisitModalProps'.
components/dashboard/sales-team/SourcingTasksPage.tsx(61,17): error TS2322: Type '{ children: Element; title: string; subtitle: string; icon: ForwardRefExoticComponent<Omit<SVGProps<SVGSVGElement>, "ref"> & { title?: string; titleId?: string; } & RefAttributes<SVGSVGElement>>; }' is not assignable to type 'IntrinsicAttributes & CardProps'.
  Property 'title' does not exist on type 'IntrinsicAttributes & CardProps'.
components/dashboard/SalesTeamDashboard.tsx(182,8): error TS2741: Property 'users' is missing in type '{ isOpen: boolean; onClose: () => void; onAddLead: (data: Omit<Lead, "id" | "status" | "lastContacted" | "inquiryDate" | "history">, reminder: { date: string; notes: string; }) => Promise<...>; }' but required in type 'AddNewLeadModalProps'.
components/dashboard/shared/CommandPalette.tsx(28,13): error TS2339: Property 'theme' does not exist on type 'ThemeContextType'.
components/dashboard/shared/DashboardUI.tsx(128,10): error TS2322: Type '{ children: ReactNode[]; disabled?: boolean; form?: string; formAction?: string | ((formData: FormData) => void | Promise<void>); formEncType?: string; formMethod?: string; ... 283 more ...; className: string; }' is not assignable to type 'Omit<HTMLMotionProps<"button">, "ref">'.
  Types of property 'onDrag' are incompatible.
    Type 'DragEventHandler<HTMLButtonElement>' is not assignable to type '(event: MouseEvent | PointerEvent | TouchEvent, info: PanInfo) => void'.
      Types of parameters 'event' and 'event' are incompatible.
        Type 'MouseEvent | PointerEvent | TouchEvent' is not assignable to type 'DragEvent<HTMLButtonElement>'.
          Type 'MouseEvent' is missing the following properties from type 'DragEvent<HTMLButtonElement>': dataTransfer, nativeEvent, isDefaultPrevented, isPropagationStopped, persist
components/dashboard/shared/DashboardUI.tsx(146,10): error TS2322: Type '{ children: ReactNode[]; disabled?: boolean; form?: string; formAction?: string | ((formData: FormData) => void | Promise<void>); formEncType?: string; formMethod?: string; ... 283 more ...; className: string; }' is not assignable to type 'Omit<HTMLMotionProps<"button">, "ref">'.
  Types of property 'onDrag' are incompatible.
    Type 'DragEventHandler<HTMLButtonElement>' is not assignable to type '(event: MouseEvent | PointerEvent | TouchEvent, info: PanInfo) => void'.
      Types of parameters 'event' and 'event' are incompatible.
        Type 'MouseEvent | PointerEvent | TouchEvent' is not assignable to type 'DragEvent<HTMLButtonElement>'.
          Type 'MouseEvent' is missing the following properties from type 'DragEvent<HTMLButtonElement>': dataTransfer, nativeEvent, isDefaultPrevented, isPropagationStopped, persist
components/dashboard/shared/InternalLayout.tsx(73,17): error TS2769: No overload matches this call.
  The last overload gave the following error.
    Object literal may only specify known properties, and 'className' does not exist in type 'Partial<unknown> & Attributes'.
components/dashboard/shared/InternalLayout.tsx(74,56): error TS2339: Property 'className' does not exist on type 'unknown'.
components/dashboard/site-engineer/SiteEngineerDashboard.tsx(46,15): error TS2367: This comparison appears to be unintentional because the types 'ProjectStatus' and '"Waiting for Drawing"' have no overlap.
components/dashboard/site-engineer/SiteEngineerDashboard.tsx(47,9): error TS2367: This comparison appears to be unintentional because the types 'ProjectStatus' and '"Drawing In Progress"' have no overlap.
components/dashboard/site-engineer/UnifiedOverviewPage.tsx(27,9): error TS2367: This comparison appears to be unintentional because the types 'SiteVisitStatus' and '"Site Visit Scheduled"' have no overlap.
components/dashboard/site-engineer/UnifiedOverviewPage.tsx(28,9): error TS2367: This comparison appears to be unintentional because the types 'SiteVisitStatus' and '"Site Visit Rescheduled"' have no overlap.
components/dashboard/sourcing-team/MyPerformancePage.tsx(26,73): error TS2339: Property 'requiredBy' does not exist on type 'MaterialRequest'.
components/dashboard/sourcing-team/SourcingOverviewPage.tsx(61,100): error TS2339: Property 'requiredBy' does not exist on type 'MaterialRequest'.
components/dashboard/super-admin/TeamHeadcountModal.tsx(79,80): error TS2304: Cannot find name 'users'.
components/landing/ContactPage.tsx(92,27): error TS2345: Argument of type '{ clientName: string; projectName: string; status: LeadPipelineStatus; lastContacted: string; assignedTo: string; inquiryDate: Date; value: number; source: string; history: { ...; }[]; tasks: {}; reminders: any[]; priority: "Medium"; }' is not assignable to parameter of type 'Omit<Lead, "id">'.
  Type '{ clientName: string; projectName: string; status: LeadPipelineStatus; lastContacted: string; assignedTo: string; inquiryDate: Date; value: number; source: string; history: { ...; }[]; tasks: {}; reminders: any[]; priority: "Medium"; }' is missing the following properties from type 'Omit<Lead, "id">': clientEmail, clientMobile
components/landing/HomePage.tsx(70,13): error TS2322: Type '{ hidden: { opacity: number; y: number; }; visible: { opacity: number; y: number; transition: { duration: number; ease: number[]; }; }; }' is not assignable to type 'Variants'.
  Property 'visible' is incompatible with index signature.
    Type '{ opacity: number; y: number; transition: { duration: number; ease: number[]; }; }' is not assignable to type 'Variant'.
      Type '{ opacity: number; y: number; transition: { duration: number; ease: number[]; }; }' is not assignable to type 'TargetAndTransition'.
        Type '{ opacity: number; y: number; transition: { duration: number; ease: number[]; }; }' is not assignable to type '{ transition?: Transition<any>; transitionEnd?: ResolvedValues$1; }'.
          Types of property 'transition' are incompatible.
            Type '{ duration: number; ease: number[]; }' is not assignable to type 'Transition<any>'.
              Type '{ duration: number; ease: number[]; }' is not assignable to type 'TransitionWithValueOverrides<any>'.
                Type '{ duration: number; ease: number[]; }' is not assignable to type 'ValueAnimationTransition<any>'.
                  Types of property 'ease' are incompatible.
                    Type 'number[]' is not assignable to type 'Easing | Easing[]'.
                      Type 'number[]' is not assignable to type 'EasingFunction | Easing[]'.
                        Type 'number[]' is not assignable to type 'Easing[]'.
                          Type 'number' is not assignable to type 'Easing'.
components/landing/HomePage.tsx(76,13): error TS2322: Type '{ hidden: { opacity: number; y: number; }; visible: { opacity: number; y: number; transition: { duration: number; ease: number[]; }; }; }' is not assignable to type 'Variants'.
  Property 'visible' is incompatible with index signature.
    Type '{ opacity: number; y: number; transition: { duration: number; ease: number[]; }; }' is not assignable to type 'Variant'.
      Type '{ opacity: number; y: number; transition: { duration: number; ease: number[]; }; }' is not assignable to type 'TargetAndTransition'.
        Type '{ opacity: number; y: number; transition: { duration: number; ease: number[]; }; }' is not assignable to type '{ transition?: Transition<any>; transitionEnd?: ResolvedValues$1; }'.
          Types of property 'transition' are incompatible.
            Type '{ duration: number; ease: number[]; }' is not assignable to type 'Transition<any>'.
              Type '{ duration: number; ease: number[]; }' is not assignable to type 'TransitionWithValueOverrides<any>'.
                Type '{ duration: number; ease: number[]; }' is not assignable to type 'ValueAnimationTransition<any>'.
                  Types of property 'ease' are incompatible.
                    Type 'number[]' is not assignable to type 'Easing | Easing[]'.
                      Type 'number[]' is not assignable to type 'EasingFunction | Easing[]'.
                        Type 'number[]' is not assignable to type 'Easing[]'.
                          Type 'number' is not assignable to type 'Easing'.
components/landing/HomePage.tsx(86,17): error TS2322: Type '{ hidden: { opacity: number; y: number; }; visible: { opacity: number; y: number; transition: { duration: number; ease: number[]; }; }; }' is not assignable to type 'Variants'.
  Property 'visible' is incompatible with index signature.
    Type '{ opacity: number; y: number; transition: { duration: number; ease: number[]; }; }' is not assignable to type 'Variant'.
      Type '{ opacity: number; y: number; transition: { duration: number; ease: number[]; }; }' is not assignable to type 'TargetAndTransition'.
        Type '{ opacity: number; y: number; transition: { duration: number; ease: number[]; }; }' is not assignable to type '{ transition?: Transition<any>; transitionEnd?: ResolvedValues$1; }'.
          Types of property 'transition' are incompatible.
            Type '{ duration: number; ease: number[]; }' is not assignable to type 'Transition<any>'.
              Type '{ duration: number; ease: number[]; }' is not assignable to type 'TransitionWithValueOverrides<any>'.
                Type '{ duration: number; ease: number[]; }' is not assignable to type 'ValueAnimationTransition<any>'.
                  Types of property 'ease' are incompatible.
                    Type 'number[]' is not assignable to type 'Easing | Easing[]'.
                      Type 'number[]' is not assignable to type 'EasingFunction | Easing[]'.
                        Type 'number[]' is not assignable to type 'Easing[]'.
                          Type 'number' is not assignable to type 'Easing'.
components/landing/HomePage.tsx(162,25): error TS2322: Type '{ hidden: { opacity: number; y: number; }; visible: { opacity: number; y: number; transition: { duration: number; ease: number[]; }; }; }' is not assignable to type 'Variants'.
  Property 'visible' is incompatible with index signature.
    Type '{ opacity: number; y: number; transition: { duration: number; ease: number[]; }; }' is not assignable to type 'Variant'.
      Type '{ opacity: number; y: number; transition: { duration: number; ease: number[]; }; }' is not assignable to type 'TargetAndTransition'.
        Type '{ opacity: number; y: number; transition: { duration: number; ease: number[]; }; }' is not assignable to type '{ transition?: Transition<any>; transitionEnd?: ResolvedValues$1; }'.
          Types of property 'transition' are incompatible.
            Type '{ duration: number; ease: number[]; }' is not assignable to type 'Transition<any>'.
              Type '{ duration: number; ease: number[]; }' is not assignable to type 'TransitionWithValueOverrides<any>'.
                Type '{ duration: number; ease: number[]; }' is not assignable to type 'ValueAnimationTransition<any>'.
                  Types of property 'ease' are incompatible.
                    Type 'number[]' is not assignable to type 'Easing | Easing[]'.
                      Type 'number[]' is not assignable to type 'EasingFunction | Easing[]'.
                        Type 'number[]' is not assignable to type 'Easing[]'.
                          Type 'number' is not assignable to type 'Easing'.
components/landing/HomePage.tsx(193,25): error TS2322: Type '{ hidden: { opacity: number; y: number; }; visible: { opacity: number; y: number; transition: { duration: number; ease: number[]; }; }; }' is not assignable to type 'Variants'.
  Property 'visible' is incompatible with index signature.
    Type '{ opacity: number; y: number; transition: { duration: number; ease: number[]; }; }' is not assignable to type 'Variant'.
      Type '{ opacity: number; y: number; transition: { duration: number; ease: number[]; }; }' is not assignable to type 'TargetAndTransition'.
        Type '{ opacity: number; y: number; transition: { duration: number; ease: number[]; }; }' is not assignable to type '{ transition?: Transition<any>; transitionEnd?: ResolvedValues$1; }'.
          Types of property 'transition' are incompatible.
            Type '{ duration: number; ease: number[]; }' is not assignable to type 'Transition<any>'.
              Type '{ duration: number; ease: number[]; }' is not assignable to type 'TransitionWithValueOverrides<any>'.
                Type '{ duration: number; ease: number[]; }' is not assignable to type 'ValueAnimationTransition<any>'.
                  Types of property 'ease' are incompatible.
                    Type 'number[]' is not assignable to type 'Easing | Easing[]'.
                      Type 'number[]' is not assignable to type 'EasingFunction | Easing[]'.
                        Type 'number[]' is not assignable to type 'Easing[]'.
                          Type 'number' is not assignable to type 'Easing'.
components/landing/HomePage.tsx(579,63): error TS2353: Object literal may only specify known properties, and 'brightness' does not exist in type 'string[] | TargetAndTransition'.
components/landing/HomePage.tsx(580,48): error TS2353: Object literal may only specify known properties, and 'brightness' does not exist in type 'string[] | TargetAndTransition'.
components/settings/ThemeSelector.tsx(8,11): error TS2339: Property 'theme' does not exist on type 'ThemeContextType'.
components/shared/Badge.tsx(8,7): error TS2739: Type '{ "New - Not Contacted": { container: string; dot: string; }; "Contacted - Call Done": { container: string; dot: string; }; "Site Visit Scheduled": { container: string; dot: string; }; "Waiting for Drawing": { ...; }; ... 5 more ...; Lost: { ...; }; }' is missing the following properties from type 'Record<LeadPipelineStatus, { container: string; dot: string; }>': "Site Visit Rescheduled", "Drawing In Progress", "Drawing Revisions", "Waiting for Quotation"
components/shared/Header.tsx(3,26): error TS2307: Cannot find module './UserSelector' or its corresponding type declarations.
firebase.ts(9,31): error TS2339: Property 'env' does not exist on type 'ImportMeta'.
firebase.ts(10,35): error TS2339: Property 'env' does not exist on type 'ImportMeta'.
firebase.ts(25,23): error TS2339: Property 'env' does not exist on type 'ImportMeta'.
firebase.ts(26,27): error TS2339: Property 'env' does not exist on type 'ImportMeta'.
firebase.ts(27,26): error TS2339: Property 'env' does not exist on type 'ImportMeta'.
firebase.ts(28,30): error TS2339: Property 'env' does not exist on type 'ImportMeta'.
firebase.ts(29,34): error TS2339: Property 'env' does not exist on type 'ImportMeta'.
firebase.ts(30,22): error TS2339: Property 'env' does not exist on type 'ImportMeta'.
firebase.ts(31,30): error TS2339: Property 'env' does not exist on type 'ImportMeta'.
hooks/useEnquiries.ts(162,15): error TS2304: Cannot find name 'logActivity'.
hooks/useEnquiries.ts(164,19): error TS2304: Cannot find name 'UserRole'.
hooks/useEnquiries.ts(166,21): error TS2304: Cannot find name 'ActivityStatus'.
hooks/useEnquiries.ts(243,15): error TS2304: Cannot find name 'logActivity'.
hooks/useEnquiries.ts(245,19): error TS2304: Cannot find name 'UserRole'.
hooks/useEnquiries.ts(247,21): error TS2304: Cannot find name 'ActivityStatus'.
services/authService.ts(29,31): error TS2339: Property 'env' does not exist on type 'ImportMeta'.
vite.config.ts(3,19): error TS2307: Cannot find module '@vitejs/plugin-react' or its corresponding type declarations.
  There are types at 'C:/Users/pc/OneDrive/Documents/MMO-Team/node_modules/@vitejs/plugin-react/dist/index.d.ts', but this result could not be resolved under your current 'moduleResolution' setting. Consider updating to 'node16', 'nodenext', or 'bundler'.
vite.config.ts(4,25): error TS2307: Cannot find module '@tailwindcss/vite' or its corresponding type declarations.
  There are types at 'C:/Users/pc/OneDrive/Documents/MMO-Team/node_modules/@tailwindcss/vite/dist/index.d.mts', but this result could not be resolved under your current 'moduleResolution' setting. Consider updating to 'node16', 'nodenext', or 'bundler'.
